[    2437ms] [ERROR] Failed to load resource: the server responded with a status of 404 (Not Found) @ http://localhost:3101/fr/manifest.webmanifest:0
[    2463ms] [ERROR] Manifest fetch from http://localhost:3101/fr/manifest.webmanifest failed, code 404 @ http://localhost:3101/fr:0
[    2524ms] [INFO] %cDownload the React DevTools for a better development experience: https://react.dev/link/react-devtools font-weight:bold @ http://localhost:3101/_next/static/chunks/node_modules_next_dist_115brz8._.js:2477
[    2535ms] [LOG] [HMR] connected @ http://localhost:3101/_next/static/chunks/node_modules_next_dist_115brz8._.js:2477
[    2540ms] [LOG] %c%s%c SQL query: background: #e6e6e6;background: light-dark(rgba(0,0,0,0.1), rgba(255,255,255,0.25));color: #000000;color: light-dark(#000000, #ffffff);border-radius: 2px  Server   
    SELECT
      id,
      slug,
      province,
      name,
      type,
      source,
      thumbnail,
      photos,
      lat,
      lng,
      price_cad,
      price_before_taxes,
      rating,
      reviews,
      sleeps,
      bedrooms,
      bathrooms,
      amenities,
      check_in_time,
      check_out_time,
      google_link,
      affiliate_url,
      is_featured,
      available,
      image_alt,
      created_at
    FROM affiliatecottages
    WHERE is_hidden = false AND available = true AND is_featured = true
    ORDER BY rating DESC NULLS LAST
    LIMIT $1
   [12] @ http://localhost:3101/_next/static/chunks/node_modules_next_dist_115brz8._.js:2477
[    3520ms] [ERROR] Failed to load resource: the server responded with a status of 404 (Not Found) @ http://localhost:3101/fr/manifest.webmanifest:0
[    3548ms] [ERROR] Manifest fetch from http://localhost:3101/fr/manifest.webmanifest failed, code 404 @ http://localhost:3101/fr:0
