[    1802ms] [ERROR] Failed to load resource: the server responded with a status of 404 (Not Found) @ http://localhost:3000/fr/manifest.webmanifest:0
[    1819ms] [ERROR] Manifest fetch from http://localhost:3000/fr/manifest.webmanifest failed, code 404 @ http://localhost:3000/en/guides:0
[    1961ms] [INFO] %cDownload the React DevTools for a better development experience: https://react.dev/link/react-devtools font-weight:bold @ http://localhost:3000/_next/static/chunks/node_modules_next_dist_115brz8._.js:2477
[    1976ms] [LOG] [HMR] connected @ http://localhost:3000/_next/static/chunks/node_modules_next_dist_115brz8._.js:2477
[    2382ms] [ERROR] Failed to load resource: the server responded with a status of 404 (Not Found) @ http://localhost:3000/fr/manifest.webmanifest:0
[    2415ms] [ERROR] Manifest fetch from http://localhost:3000/fr/manifest.webmanifest failed, code 404 @ http://localhost:3000/en/guides:0
[    2437ms] [LOG] [Fast Refresh] rebuilding @ http://localhost:3000/_next/static/chunks/node_modules_next_dist_115brz8._.js:2477
[    2664ms] [LOG] [Fast Refresh] done in 329ms @ http://localhost:3000/_next/static/chunks/node_modules_next_dist_115brz8._.js:2477
[    5591ms] [WARNING] The resource http://localhost:3000/_next/static/chunks/%5Broot-of-the-server%5D__0ifk-vz._.css was preloaded using link preload but not used within a few seconds from the window's load event. Please make sure it has an appropriate `as` value and it is preloaded intentionally. @ http://localhost:3000/en/guides:0
[   10377ms] [WARNING] The resource http://localhost:3000/_next/static/chunks/%5Broot-of-the-server%5D__0ifk-vz._.css was preloaded using link preload but not used within a few seconds from the window's load event. Please make sure it has an appropriate `as` value and it is preloaded intentionally. @ http://localhost:3000/en/guides:0
[   36066ms] [WARNING] Detected `scroll-behavior: smooth` on the `<html>` element. To disable smooth scrolling during route transitions, add `data-scroll-behavior="smooth"` to your <html> element. Learn more: https://nextjs.org/docs/messages/missing-data-scroll-behavior @ http://localhost:3000/_next/static/chunks/node_modules_next_dist_115brz8._.js:2477
[   36072ms] [LOG] shortcode params: province=quebec&limit=7&sort=rating&category=hotTub @ http://localhost:3000/_next/static/chunks/node_modules_next_dist_115brz8._.js:2477
[   36075ms] [LOG] shortcode params: province=quebec&limit=7&sort=rating&category=hotTub @ http://localhost:3000/_next/static/chunks/node_modules_next_dist_115brz8._.js:2477
[   36193ms] [ERROR] Failed to load resource: the server responded with a status of 404 (Not Found) @ http://localhost:3000/fr/manifest.webmanifest:0
[   36207ms] [ERROR] Manifest fetch from http://localhost:3000/fr/manifest.webmanifest failed, code 404 @ http://localhost:3000/en/guides/7-luxury-chalets-quebec-hot-tub:0
[   36216ms] [LOG] [Fast Refresh] rebuilding @ http://localhost:3000/_next/static/chunks/node_modules_next_dist_115brz8._.js:2477
[   36376ms] [LOG] [Fast Refresh] done in 260ms @ http://localhost:3000/_next/static/chunks/node_modules_next_dist_115brz8._.js:2477
[   36754ms] [LOG] [Fast Refresh] rebuilding @ http://localhost:3000/_next/static/chunks/node_modules_next_dist_115brz8._.js:2477
[   36769ms] [ERROR] Failed to load resource: the server responded with a status of 500 (Internal Server Error) @ http://localhost:3000/api/cottages?province=quebec&limit=7&sort=rating&category=hotTub:0
[   36770ms] [LOG] [Fast Refresh] done in 123ms @ http://localhost:3000/_next/static/chunks/node_modules_next_dist_115brz8._.js:2477
[   39772ms] [WARNING] The resource http://localhost:3000/_next/static/chunks/%5Broot-of-the-server%5D__0ifk-vz._.css was preloaded using link preload but not used within a few seconds from the window's load event. Please make sure it has an appropriate `as` value and it is preloaded intentionally. @ http://localhost:3000/en/guides/7-luxury-chalets-quebec-hot-tub:0
[   45147ms] [WARNING] The resource http://localhost:3000/_next/static/chunks/%5Broot-of-the-server%5D__0ifk-vz._.css was preloaded using link preload but not used within a few seconds from the window's load event. Please make sure it has an appropriate `as` value and it is preloaded intentionally. @ http://localhost:3000/en/guides/7-luxury-chalets-quebec-hot-tub:0
